// Jest Snapshot v1, https://goo.gl/fbAQLP

exports[`Renders VideoPreview 1`] = `
<div
  className="videoContainer"
>
  <div
    className="video"
  >
    <iframe
      allow="accelerometer; autoplay; clipboard-write; encrypted-media; gyroscope; picture-in-picture"
      allowFullScreen={true}
      className="videoPlayer"
      frameBorder="0"
      src="https://www.youtube.com/embed/Test123?autoplay=0&modestbranding=1"
      title="video"
    />
  </div>
</div>
`;
